src/app.ts(100,21): error TS6133: 'req' is declared but its value is never read.
src/app.ts(113,15): error TS6133: 'req' is declared but its value is never read.
src/app.ts(141,28): error TS6133: 'req' is declared but its value is never read.
src/app.ts(181,31): error TS6133: 'req' is declared but its value is never read.
src/config/aws.config.ts(12,18): error TS2345: Argument of type '[{ region: string; credentials: { readonly accessKeyId: string | undefined; readonly secretAccessKey: string | undefined; }; }]' is not assignable to parameter of type '[] | [S3ClientConfig]'.
  Type '[{ region: string; credentials: { readonly accessKeyId: string | undefined; readonly secretAccessKey: string | undefined; }; }]' is not assignable to type '[S3ClientConfig]'.
    Type '{ region: string; credentials: { readonly accessKeyId: string | undefined; readonly secretAccessKey: string | undefined; }; }' is not assignable to type 'S3ClientConfig'.
      Type '{ region: string; credentials: { readonly accessKeyId: string | undefined; readonly secretAccessKey: string | undefined; }; }' is not assignable to type 'HttpAuthSchemeInputConfig'.
        Types of property 'credentials' are incompatible.
          Type '{ readonly accessKeyId: string | undefined; readonly secretAccessKey: string | undefined; }' is not assignable to type 'AwsCredentialIdentity | AwsCredentialIdentityProvider | undefined'.
            Type '{ readonly accessKeyId: string | undefined; readonly secretAccessKey: string | undefined; }' is not assignable to type 'AwsCredentialIdentity'.
              Types of property 'accessKeyId' are incompatible.
                Type 'string | undefined' is not assignable to type 'string'.
                  Type 'undefined' is not assignable to type 'string'.
src/config/aws.config.ts(23,19): error TS2345: Argument of type '[{ region: string; credentials: { readonly accessKeyId: string | undefined; readonly secretAccessKey: string | undefined; }; }]' is not assignable to parameter of type '[] | [SESClientConfig]'.
  Type '[{ region: string; credentials: { readonly accessKeyId: string | undefined; readonly secretAccessKey: string | undefined; }; }]' is not assignable to type '[SESClientConfig]'.
    Type '{ region: string; credentials: { readonly accessKeyId: string | undefined; readonly secretAccessKey: string | undefined; }; }' is not assignable to type 'SESClientConfig'.
      Type '{ region: string; credentials: { readonly accessKeyId: string | undefined; readonly secretAccessKey: string | undefined; }; }' is not assignable to type 'HttpAuthSchemeInputConfig'.
        Types of property 'credentials' are incompatible.
          Type '{ readonly accessKeyId: string | undefined; readonly secretAccessKey: string | undefined; }' is not assignable to type 'AwsCredentialIdentity | AwsCredentialIdentityProvider | undefined'.
            Type '{ readonly accessKeyId: string | undefined; readonly secretAccessKey: string | undefined; }' is not assignable to type 'AwsCredentialIdentity'.
              Types of property 'accessKeyId' are incompatible.
                Type 'string | undefined' is not assignable to type 'string'.
                  Type 'undefined' is not assignable to type 'string'.
src/config/aws.config.ts(34,24): error TS2345: Argument of type '[{ region: string; credentials: { readonly accessKeyId: string | undefined; readonly secretAccessKey: string | undefined; }; }]' is not assignable to parameter of type '[] | [TextractClientConfig]'.
  Type '[{ region: string; credentials: { readonly accessKeyId: string | undefined; readonly secretAccessKey: string | undefined; }; }]' is not assignable to type '[TextractClientConfig]'.
    Type '{ region: string; credentials: { readonly accessKeyId: string | undefined; readonly secretAccessKey: string | undefined; }; }' is not assignable to type 'TextractClientConfig'.
      Type '{ region: string; credentials: { readonly accessKeyId: string | undefined; readonly secretAccessKey: string | undefined; }; }' is not assignable to type 'HttpAuthSchemeInputConfig'.
        Types of property 'credentials' are incompatible.
          Type '{ readonly accessKeyId: string | undefined; readonly secretAccessKey: string | undefined; }' is not assignable to type 'AwsCredentialIdentity | AwsCredentialIdentityProvider | undefined'.
            Type '{ readonly accessKeyId: string | undefined; readonly secretAccessKey: string | undefined; }' is not assignable to type 'AwsCredentialIdentity'.
              Types of property 'accessKeyId' are incompatible.
                Type 'string | undefined' is not assignable to type 'string'.
                  Type 'undefined' is not assignable to type 'string'.
src/config/passport.ts(2,38): error TS6133: 'Profile' is declared but its value is never read.
src/config/passport.ts(2,47): error TS6133: 'VerifyCallback' is declared but its value is never read.
src/config/queue.config.ts(74,23): error TS6133: 'data' is declared but its value is never read.
src/middleware/auth.middleware.ts(13,7): error TS2717: Subsequent property declarations must have the same type.  Property 'user' must be of type 'User | undefined', but here has type '{ id: string; email: string; role: UserRole; } | undefined'.
src/middleware/auth.middleware.ts(28,3): error TS6133: 'res' is declared but its value is never read.
src/middleware/auth.middleware.ts(87,3): error TS6133: 'res' is declared but its value is never read.
src/middleware/auth.middleware.ts(129,25): error TS6133: 'res' is declared but its value is never read.
src/middleware/auth.middleware.ts(134,34): error TS2339: Property 'role' does not exist on type 'User'.
src/middleware/error.middleware.ts(15,3): error TS6133: 'next' is declared but its value is never read.
src/middleware/logging.middleware.ts(29,25): error TS2339: Property 'id' does not exist on type 'User'.
src/middleware/logging.middleware.ts(83,27): error TS2339: Property 'id' does not exist on type 'User'.
src/middleware/rate-limit.middleware.ts(2,22): error TS6133: 'HTTP_STATUS' is declared but its value is never read.
src/middleware/token-check.middleware.ts(10,31): error TS6133: 'res' is declared but its value is never read.
src/middleware/token-check.middleware.ts(18,31): error TS2339: Property 'id' does not exist on type 'User'.
src/middleware/token-check.middleware.ts(50,3): error TS6133: 'res' is declared but its value is never read.
src/middleware/token-check.middleware.ts(56,31): error TS2339: Property 'id' does not exist on type 'User'.
src/middleware/validation.middleware.ts(10,31): error TS6133: 'res' is declared but its value is never read.
src/middleware/validation.middleware.ts(36,31): error TS6133: 'res' is declared but its value is never read.
src/middleware/validation.middleware.ts(58,31): error TS6133: 'res' is declared but its value is never read.
src/middleware/validation.middleware.ts(80,31): error TS6133: 'res' is declared but its value is never read.
src/modules/analytics/analytics.controller.ts(152,32): error TS2339: Property 'id' does not exist on type 'User'.
src/modules/analytics/analytics.repository.ts(446,18): error TS2322: Type '"SUCCESS"' is not assignable to type 'PaymentStatus | EnumPaymentStatusFilter<"PaymentTransaction"> | undefined'.
src/modules/analytics/analytics.repository.ts(456,21): error TS18048: 'totalRevenue._sum' is possibly 'undefined'.
src/modules/analytics/analytics.service.ts(202,5): error TS2322: Type '{ subscriptionBreakdown: { planId: string; planName: string; activeSubscriptions: number; revenue: number; }[]; userGrowth: { date: string; newUsers: number; totalUsers: number; }[]; engagementMetrics: { ...; }; ... 4 more ...; totalRevenue: number | Decimal; }' is not assignable to type 'PlatformAnalyticsDto'.
  Types of property 'totalRevenue' are incompatible.
    Type 'number | Decimal' is not assignable to type 'number'.
      Type 'Decimal' is not assignable to type 'number'.
src/modules/analytics/analytics.service.ts(342,11): error TS6133: '_testAttempts' is declared but its value is never read.
src/modules/analytics/analytics.service.ts(356,11): error TS6133: '_subjectPerformance' is declared but its value is never read.
src/modules/analytics/analytics.service.ts(411,20): error TS2362: The left-hand side of an arithmetic operation must be of type 'any', 'number', 'bigint' or an enum type.
src/modules/analytics/analytics.service.ts(438,35): error TS2362: The left-hand side of an arithmetic operation must be of type 'any', 'number', 'bigint' or an enum type.
src/modules/analytics/analytics.service.ts(441,7): error TS2322: Type 'number | Decimal' is not assignable to type 'number'.
  Type 'Decimal' is not assignable to type 'number'.
src/modules/auth/auth.controller.ts(3,23): error TS6133: 'API_MESSAGES' is declared but its value is never read.
src/modules/auth/auth.controller.ts(85,32): error TS2339: Property 'id' does not exist on type 'User'.
src/modules/auth/auth.controller.ts(104,32): error TS2339: Property 'id' does not exist on type 'User'.
src/modules/auth/auth.controller.ts(179,16): error TS6133: 'req' is declared but its value is never read.
src/modules/auth/auth.controller.ts(200,53): error TS6133: 'next' is declared but its value is never read.
src/modules/auth/auth.service.ts(51,11): error TS6133: 'verificationToken' is declared but its value is never read.
src/modules/auth/auth.service.ts(262,11): error TS6133: 'resetToken' is declared but its value is never read.
src/modules/auth/auth.service.ts(272,23): error TS6133: 'token' is declared but its value is never read.
src/modules/auth/auth.service.ts(272,38): error TS6133: 'newPassword' is declared but its value is never read.
src/modules/auth/auth.service.ts(281,21): error TS6133: 'token' is declared but its value is never read.
src/modules/auth/auth.types.ts(1,10): error TS6133: 'AuthProvider' is declared but its value is never read.
src/modules/email/ses.client.ts(16,5): error TS2322: Type 'SESClient | null' is not assignable to type 'SESClient'.
  Type 'null' is not assignable to type 'SESClient'.
src/modules/email/ses.client.ts(17,5): error TS2322: Type 'string | undefined' is not assignable to type 'string'.
  Type 'undefined' is not assignable to type 'string'.
src/modules/llm/embeddings/embedding.service.ts(7,1): error TS6133: 'logger' is declared but its value is never read.
src/modules/llm/embeddings/embedding.service.ts(45,37): error TS7053: Element implicitly has an 'any' type because expression of type '0' can't be used to index type 'number[][] | EmbedByTypeResponseEmbeddings'.
  Property '0' does not exist on type 'number[][] | EmbedByTypeResponseEmbeddings'.
src/modules/llm/embeddings/embedding.service.ts(45,54): error TS7053: Element implicitly has an 'any' type because expression of type '0' can't be used to index type 'number[][] | EmbedByTypeResponseEmbeddings'.
  Property '0' does not exist on type 'number[][] | EmbedByTypeResponseEmbeddings'.
src/modules/llm/llm.controller.ts(86,32): error TS2339: Property 'id' does not exist on type 'User'.
src/modules/llm/llm.controller.ts(159,32): error TS2339: Property 'id' does not exist on type 'User'.
src/modules/llm/llm.controller.ts(201,32): error TS2339: Property 'id' does not exist on type 'User'.
src/modules/notes/notes.controller.ts(16,32): error TS2339: Property 'id' does not exist on type 'User'.
src/modules/notes/notes.controller.ts(56,32): error TS2339: Property 'id' does not exist on type 'User'.
src/modules/notes/notes.controller.ts(78,32): error TS2339: Property 'id' does not exist on type 'User'.
src/modules/notes/notes.controller.ts(98,32): error TS2339: Property 'id' does not exist on type 'User'.
src/modules/notes/notes.controller.ts(120,32): error TS2339: Property 'id' does not exist on type 'User'.
src/modules/notes/notes.controller.ts(140,32): error TS2339: Property 'id' does not exist on type 'User'.
src/modules/notes/notes.controller.ts(161,32): error TS2339: Property 'id' does not exist on type 'User'.
src/modules/notes/notes.controller.ts(190,32): error TS2339: Property 'id' does not exist on type 'User'.
src/modules/notes/notes.controller.ts(211,32): error TS2339: Property 'id' does not exist on type 'User'.
src/modules/notes/notes.controller.ts(232,32): error TS2339: Property 'id' does not exist on type 'User'.
src/modules/notes/notes.controller.ts(255,32): error TS2339: Property 'id' does not exist on type 'User'.
src/modules/notes/notes.controller.ts(277,32): error TS2339: Property 'id' does not exist on type 'User'.
src/modules/notes/notes.controller.ts(297,32): error TS2339: Property 'id' does not exist on type 'User'.
src/modules/notes/notes.controller.ts(330,32): error TS2339: Property 'id' does not exist on type 'User'.
src/modules/notes/notes.controller.ts(353,32): error TS2339: Property 'id' does not exist on type 'User'.
src/modules/notes/notes.controller.ts(376,32): error TS2339: Property 'id' does not exist on type 'User'.
src/modules/notes/notes.controller.ts(397,32): error TS2339: Property 'id' does not exist on type 'User'.
src/modules/notes/notes.processor.ts(1,18): error TS2300: Duplicate identifier 'logger'.
src/modules/notes/notes.processor.ts(3,3): error TS6133: 'S3Client' is declared but its value is never read.
src/modules/notes/notes.processor.ts(12,10): error TS2300: Duplicate identifier 'logger'.
src/modules/notes/notes.processor.ts(18,22): error TS7016: Could not find a declaration file for module 'pdf-parse'. 'E:/mbbs-mentor/backend/node_modules/pdf-parse/index.js' implicitly has an 'any' type.
  Try `npm i --save-dev @types/pdf-parse` if it exists or add a new declaration (.d.ts) file containing `declare module 'pdf-parse';`
src/modules/notes/notes.processor.ts(363,17): error TS6133: 'analyzeDocumentStructure' is declared but its value is never read.
src/modules/notes/notes.processor.ts(367,30): error TS2304: Cannot find name 'axios'.
src/modules/notes/notes.service.ts(2,22): error TS6133: 'countWords' is declared but its value is never read.
src/modules/notes/notes.service.ts(240,30): error TS2304: Cannot find name 'llmService'.
src/modules/payment/payment.controller.ts(20,18): error TS6133: 'req' is declared but its value is never read.
src/modules/payment/payment.controller.ts(39,32): error TS2339: Property 'id' does not exist on type 'User'.
src/modules/payment/payment.controller.ts(106,32): error TS2339: Property 'id' does not exist on type 'User'.
src/modules/payment/payment.controller.ts(127,32): error TS2339: Property 'id' does not exist on type 'User'.
src/modules/payment/payment.controller.ts(146,32): error TS2339: Property 'id' does not exist on type 'User'.
src/modules/payment/payment.service.ts(81,7): error TS2322: Type 'string | undefined' is not assignable to type 'string'.
  Type 'undefined' is not assignable to type 'string'.
src/modules/payment/razorpay.client.ts(14,27): error TS18047: 'razorpayClient' is possibly 'null'.
src/modules/payment/razorpay.client.ts(38,31): error TS2345: Argument of type 'string | undefined' is not assignable to parameter of type 'KeyObject | BinaryLike'.
  Type 'undefined' is not assignable to type 'KeyObject | BinaryLike'.
src/modules/payment/razorpay.client.ts(54,31): error TS2345: Argument of type 'string | undefined' is not assignable to parameter of type 'KeyObject | BinaryLike'.
  Type 'undefined' is not assignable to type 'KeyObject | BinaryLike'.
src/modules/payment/razorpay.client.ts(69,20): error TS18047: 'razorpayClient' is possibly 'null'.
src/modules/payment/razorpay.client.ts(80,20): error TS18047: 'razorpayClient' is possibly 'null'.
src/modules/payment/razorpay.client.ts(99,20): error TS18047: 'razorpayClient' is possibly 'null'.
src/modules/payment/razorpay.client.ts(110,20): error TS18047: 'razorpayClient' is possibly 'null'.
src/modules/payment/razorpay.client.ts(131,20): error TS18047: 'razorpayClient' is possibly 'null'.
src/modules/payment/razorpay.client.ts(142,20): error TS18047: 'razorpayClient' is possibly 'null'.
src/modules/payment/razorpay.client.ts(153,20): error TS18047: 'razorpayClient' is possibly 'null'.
src/modules/question/question.controller.ts(59,60): error TS2345: Argument of type 'string | undefined' is not assignable to parameter of type 'string'.
  Type 'undefined' is not assignable to type 'string'.
src/modules/question/question.controller.ts(100,59): error TS2345: Argument of type 'string | undefined' is not assignable to parameter of type 'string'.
  Type 'undefined' is not assignable to type 'string'.
src/modules/question/question.controller.ts(120,44): error TS2345: Argument of type 'string | undefined' is not assignable to parameter of type 'string'.
  Type 'undefined' is not assignable to type 'string'.
src/modules/question/question.controller.ts(139,60): error TS2345: Argument of type 'string | undefined' is not assignable to parameter of type 'string'.
  Type 'undefined' is not assignable to type 'string'.
src/modules/question/question.controller.ts(209,57): error TS2345: Argument of type 'string | undefined' is not assignable to parameter of type 'string'.
  Type 'undefined' is not assignable to type 'string'.
src/modules/question/question.controller.ts(230,57): error TS2345: Argument of type 'string | undefined' is not assignable to parameter of type 'string'.
  Type 'undefined' is not assignable to type 'string'.
src/modules/question/question.controller.ts(250,42): error TS2345: Argument of type 'string | undefined' is not assignable to parameter of type 'string'.
  Type 'undefined' is not assignable to type 'string'.
src/modules/question/question.repository.ts(10,1): error TS6133: 'QuestionType' is declared but its value is never read.
src/modules/question/question.service.ts(15,3): error TS6133: 'ConflictException' is declared but its value is never read.
src/modules/question/question.service.ts(190,38): error TS2345: Argument of type 'CreateQuestionDto | undefined' is not assignable to parameter of type 'CreateQuestionDto'.
  Type 'undefined' is not assignable to type 'CreateQuestionDto'.
src/modules/question/question.service.ts(193,13): error TS18048: 'questionData' is possibly 'undefined'.
src/modules/question/question.service.ts(194,40): error TS18048: 'questionData' is possibly 'undefined'.
src/modules/question/question.service.ts(197,41): error TS2345: Argument of type 'CreateQuestionDto | undefined' is not assignable to parameter of type 'CreateQuestionDto'.
  Type 'undefined' is not assignable to type 'CreateQuestionDto'.
src/modules/question/question.service.ts(202,21): error TS2532: Object is possibly 'undefined'.
src/modules/rag/rag.service.ts(21,16): error TS6133: 'generateSummary' is declared but its value is never read.
src/modules/rag/rag.service.ts(26,11): error TS6196: 'IndexNode' is declared but never used.
src/modules/rag/rag.service.ts(149,11): error TS6133: 'buildSlimTree' is declared but its value is never read.
src/modules/rag/rag.service.ts(149,25): error TS6133: 'rows' is declared but its value is never read.
src/modules/studentGoals/studentGoals.controller.ts(15,32): error TS2339: Property 'id' does not exist on type 'User'.
src/modules/studentGoals/studentGoals.controller.ts(36,32): error TS2339: Property 'id' does not exist on type 'User'.
src/modules/studentGoals/studentGoals.controller.ts(55,32): error TS2339: Property 'id' does not exist on type 'User'.
src/modules/studentGoals/studentGoals.controller.ts(76,32): error TS2339: Property 'id' does not exist on type 'User'.
src/modules/studentGoals/studentGoals.controller.ts(93,27): error TS6133: 'req' is declared but its value is never read.
src/modules/studentGoals/studentGoals.controller.ts(112,32): error TS2339: Property 'id' does not exist on type 'User'.
src/modules/studentGoals/studentGoals.controller.ts(133,32): error TS2339: Property 'id' does not exist on type 'User'.
src/modules/studentGoals/studentGoals.controller.ts(154,32): error TS2339: Property 'id' does not exist on type 'User'.
src/modules/studyMaterial/studyMaterial.controller.ts(19,28): error TS7030: Not all code paths return a value.
